/*
 * Copyright (c) 2019-2021, NVIDIA CORPORATION & AFFILIATES.  All rights reserved.
 *
 * NVIDIA CORPORATION and its licensors retain all intellectual property
 * and proprietary rights in and to this software, related documentation
 * and any modifications thereto.  Any use, reproduction, disclosure or
 * distribution of this software and related documentation without an express
 * license agreement from NVIDIA CORPORATION is strictly prohibited.
 */


{
	global:
                cuphySetEmptyKernelNodeParams;
                cuphySetGenericEmptyKernelNodeParams;
                cuphySetGenericEmptyKernelNodeGridConstantParams;
                cuphySetD2HMemcpyNodeParams;
                cuphyErrorCorrectionLDPCTransportBlockDecode;
                cuphyGetErrorString;
                cuphyGetErrorName;
                cuphyCreateTensorDescriptor;
                cuphyDestroyTensorDescriptor;
                cuphySetTensorDescriptor;
                cuphyGetTensorDescriptor;
                cuphyGetTensorSizeInBytes;
                cuphyGetDataTypeString;
                cuphyConvertTensor;
                cuphyBfcCoefCompute;
                cuphyChannelEst1DTimeFrequency;
                cuphyPuschRxChEstGetDescrInfo;
                cuphyCreatePuschRxChEst;
                cuphySetupPuschRxChEst;
                cuphyDestroyPuschRxChEst;
                cuphyPuschRxNoiseIntfEstGetDescrInfo;
                cuphyCreatePuschRxNoiseIntfEst;
                cuphySetupPuschRxNoiseIntfEst;
                cuphyDestroyPuschRxNoiseIntfEst;
                cuphyPuschRxCfoTaEstGetDescrInfo;
                cuphyCreatePuschRxCfoTaEst;
                cuphySetupPuschRxCfoTaEst;
                cuphyDestroyPuschRxCfoTaEst;
                cuphyPuschRxChEqGetDescrInfo;
                cuphyCreatePuschRxChEq;
                cuphySetupPuschRxChEqCoefCompute;
                cuphySetupPuschRxChEqSoftDemap;
                cuphySetupPuschRxChEqSoftDemapBluesteinWorkspace;
                cuphySetupPuschRxChEqSoftDemapIdft;
                cuphySetupPuschRxChEqSoftDemapAfterDft;
                cuphyDestroyPuschRxChEq;
                cuphyCreatePuschRxRssi;
                cuphySetupPuschRxRssi;
                cuphySetupPuschRxRsrp;
                cuphyDestroyPuschRxRssi;
                cuphyPuschRxRssiGetDescrInfo;
                cuphyCRCDecodeInit;
                cuphyCRCDecodeCleanUp;
                cuphyCRCDecodeLoadParams;
                cuphyCRCDecodeLoadInput;
                cuphyCRCDecode;
                cuphyCRCDecodeStoreOutput;
                cuphySetupPrepareCRCEncode;
                cuphyCrcEncodeGetDescrInfo;
                cuphyPrepareCrcEncodeGetDescrInfo;
                cuphySetupCrcEncode;
                cuphyDescrambleInit;
                cuphyDescrambleCleanUp;
                cuphyDescrambleLoadParams;
                cuphyDescrambleLoadInput;
                cuphyDescramble;
                cuphyDescrambleStoreOutput;
                cuphyDescrambleAllParams;
                rate_matching;
                cuphyErrorCorrectionLDPCDecode;
                cuphyErrorCorrectionLDPCDecodeGetWorkspaceSize;
                cuphyErrorCorrectionLDPCTransportBlockDecode;
                cuphyErrorCorrectionLDPCDecodeSetNormalization;
                cuphyErrorCorrectionLDPCDecodeGetLaunchDescriptor;
                cuphyDlRateMatchingWorkspaceSize;
                cuphyDlRateMatchingGetDescrInfo;
                cuphySetupDlRateMatching;
                cuphySetupLDPCEncode;
                cuphyLDPCEncodeGetDescrInfo;
                cuphySetTBParams;
                cuphyUpdatePucchParamsFormat1;
                cuphyPucchReceiverWorkspaceSize;
                cuphyCopyPucchParamsToWorkspace;
                cuphyPucchReceiver;
                cuphyPrachReceiver;
                cuphyPrachCreateGraph;
                cuphyPrachUpdateGraph;
                cuphyPrachLaunchGraph;
                cuphyModulationGetDescrInfo;
                cuphySetupModulation;
                cuphyPdcchPipelinePrepare;
                cuphyCsirsKernelSelect;
                cuphySetupPdschCsirsPreprocessing;
                cuphyPdschCsirsPrepGetDescrInfo;
                cuphyUpdatePdschDmrsParams;
                cuphyPdschDmrsGetDescrInfo;
                cuphySetupPdschDmrs;
                cuphyGenerateSyncSignal;
                cuphyRunSsbMapper;
                cuphyPolarEncRateMatch;
                cuphySSBsKernelSelect;
                cuphyRunPolarEncRateMatchSSBs;
                cuphyCreateLDPCDecoder;
                cuphyDestroyLDPCDecoder;
                cuphyCreateContext;
                cuphyDestroyContext;
                cuphySrsChEstGetDescrInfo;
                cuphyCreateSrsChEst;
                cuphySetupSrsChEst;
                cuphyPucchF0RxGetDescrInfo;
                cuphyCreatePucchF0Rx;
                cuphySetupPucchF0Rx;
                cuphyDestroyPucchF0Rx;
                cuphyPucchF1RxGetDescrInfo;
                cuphyCreatePucchF1Rx;
                cuphySetupPucchF1Rx;
                cuphyDestroyPucchF1Rx;
                cuphyPucchF2RxGetDescrInfo;
                cuphyCreatePucchF2Rx;
                cuphySetupPucchF2Rx;
                cuphyDestroyPucchF2Rx;
                cuphyPucchF3RxGetDescrInfo;
                cuphyCreatePucchF3Rx;
                cuphySetupPucchF3Rx;
                cuphyDestroyPucchF3Rx;
                cuphyPucchF3Csi2CtrlGetDescrInfo;
                cuphyCreatePucchF3Csi2Ctrl;
                cuphySetupPucchF3Csi2Ctrl;
                cuphyDestroyPucchF3Csi2Ctrl;
                cuphyPucchF3SegLLRsGetDescrInfo;
                cuphyCreatePucchF3SegLLRs;
                cuphySetupPucchF3SegLLRs;
                cuphyDestroyPucchF3SegLLRs;
                cuphyPucchF234UciSegGetDescrInfo;
                cuphyCreatePucchF234UciSeg;
                cuphySetupPucchF234UciSeg;
                cuphyDestroyPucchF234UciSeg;
                cuphyRunSrsChEst;
                cuphyDestroySrsChEst;
                cuphyPuschRxRateMatchGetDescrInfo;
                cuphyCreatePuschRxRateMatch;
                cuphySetupPuschRxRateMatch;
                cuphyDestroyPuschRxRateMatch;
                cuphyPuschRxCrcDecodeGetDescrInfo;
                cuphyCreatePuschRxCrcDecode;
                cuphySetupPuschRxCrcDecode;
                cuphyDestroyPuschRxCrcDecode;
                cuphySimplexDecoderGetDescrInfo;
                cuphyCreateSimplexDecoder;
                cuphySetupSimplexDecoder;
                cuphyDestroySimplexDecoder;
                cuphyModulateSymbol;
                cuphyDemodulateSymbol;
                cuphyCreateRandomNumberGenerator;
                cuphyDestroyRandomNumberGenerator;
                cuphyRandomUniform;
                cuphyRandomNormal;
                cuphyConvertVariant;
                cuphyFillTensor;
                cuphyTileTensor;
                cuphyTensorElementWiseOperation;
                cuphyTensorReduction;
                cuphyCompCwTreeTypesGetDescrInfo;
                cuphyCreateCompCwTreeTypes;
                cuphySetupCompCwTreeTypes;
                cuphyDestroyCompCwTreeTypes;
                cuphyPolSegDeRmDeItlGetDescrInfo;
                cuphyCreatePolSegDeRmDeItl;
                cuphySetupPolSegDeRmDeItl;
                cuphyDestroyPolSegDeRmDeItl;
                cuphyUciOnPuschSegLLRs1GetDescrInfo;
                cuphyCreateUciOnPuschSegLLRs1;
                cuphySetupUciOnPuschSegLLRs1;
                cuphyDestroyUciOnPuschSegLLRs1;
                cuphyUciOnPuschSegLLRs0GetDescrInfo;
                cuphyCreateUciOnPuschSegLLRs0;
                cuphySetupUciOnPuschSegLLRs0;
                cuphyDestroyUciOnPuschSegLLRs0;
                cuphyPolarDecoderGetDescrInfo;
                cuphyCreatePolarDecoder;
                cuphySetupPolarDecoder;
                cuphyDestroyPolarDecoder;
                cuphyUciOnPuschSegLLRs2GetDescrInfo;
                cuphyCreateUciOnPuschSegLLRs2;
                cuphySetupUciOnPuschSegLLRs2;
                cuphyDestroyUciOnPuschSegLLRs2;
                cuphyUciOnPuschCsi2CtrlGetDescrInfo;
                cuphyCreateUciOnPuschCsi2Ctrl;
                cuphySetupUciOnPuschCsi2Ctrl;
                cuphyDestroyUciOnPuschCsi2Ctrl;
                cuphyRmDecoderGetDescrInfo;
                cuphyCreateRmDecoder;
                cuphySetupRmDecoder;
                cuphyDestroyRmDecoder;
                cuphySrsChEst0GetDescrInfo;
                cuphyCreateSrsChEst0;
                cuphySetupSrsChEst0;
                cuphyDestroySrsChEst0;
                cuphyGetDescrInfoBfwCoefComp;
                cuphyCreateBfwCoefComp;
                cuphyDestroyBfwCoefComp;
                cuphySetupBfwCoefComp;
                cuphy_pti_init;
                cuphy_pti_set_record_index;
                cuphy_pti_get_record_index;
                _cuphy_pti_get_record;
                _cuphy_pti_get_record_all_activities;
                _cuphy_pti_get_record_activity;
                cuphy_pti_calibrate_gpu_timer;
         local:
                *;
};
